// Jest Snapshot v1, https://goo.gl/fbAQLP

exports[`should render Switch correctly 1`] = `ShallowWrapper {}`;
