// Jest Snapshot v1, https://goo.gl/fbAQLP

exports[`should render Squad correctly 1`] = `ShallowWrapper {}`;
