// Jest Snapshot v1, https://goo.gl/fbAQLP

exports[`should render Tactic correctly 1`] = `ShallowWrapper {}`;
