// Jest Snapshot v1, https://goo.gl/fbAQLP

exports[`should render Lineup correctly 1`] = `ShallowWrapper {}`;
