// Jest Snapshot v1, https://goo.gl/fbAQLP

exports[`should render Field correctly 1`] = `ShallowWrapper {}`;
