// Jest Snapshot v1, https://goo.gl/fbAQLP

exports[`should render Player correctly 1`] = `ShallowWrapper {}`;
