// Jest Snapshot v1, https://goo.gl/fbAQLP

exports[`should render Card correctly 1`] = `ShallowWrapper {}`;
