// Jest Snapshot v1, https://goo.gl/fbAQLP

exports[`should render Block correctly 1`] = `ShallowWrapper {}`;
